---
source: crates/tokenless-schema/tests/golden_snapshots.rs
expression: result
---
{
  "total": 100,
  "items": [
    {
      "id": 1,
      "name": "Item Alpha",
      "description": "Description for item 1 with some additio… (truncated)",
      "<...keys_truncated>": "<... 3 more keys truncated>"
    },
    {
      "id": 2,
      "name": "Item Beta",
      "description": "Description for item 2 with some additio… (truncated)",
      "<...keys_truncated>": "<... 3 more keys truncated>"
    },
    {
      "id": 3,
      "name": "Item Gamma",
      "description": "Description for item 3 with some additio… (truncated)",
      "<...keys_truncated>": "<... 3 more keys truncated>"
    },
    {
      "id": 4,
      "name": "Item Delta",
      "description": "Description for item 4 with some additio… (truncated)",
      "<...keys_truncated>": "<... 3 more keys truncated>"
    },
    {
      "id": 5,
      "name": "Item Epsilon",
      "description": "Description for item 5 with some additio… (truncated)",
      "<...keys_truncated>": "<... 3 more keys truncated>"
    },
    "<... up to 17 more items truncated>"
  ],
  "next_cursor": "cursor_abcdef123456",
  "<...keys_truncated>": "<... 2 more keys truncated>"
}
