---
source: crates/tokenless-schema/tests/golden_snapshots.rs
expression: result
---
{
  "type": "function",
  "function": {
    "name": "get_weather",
    "parameters": {
      "type": "object",
      "properties": {
        "location": {
          "type": "string",
          "description": "The city name, ZIP code, or geographic c"
        },
        "units": {
          "type": "string",
          "description": "The temperature unit system to use for t",
          "enum": [
            "celsius",
            "fahrenheit",
            "kelvin"
          ]
        },
        "forecast_days": {
          "type": "integer",
          "description": "Number of days to include in the forecas",
          "minimum": 1,
          "maximum": 14
        },
        "include_hourly": {
          "type": "boolean",
          "default": false,
          "description": "Whether to include hour-by-hour weather"
        }
      },
      "required": [
        "location"
      ]
    },
    "description": "Retrieves current weather conditions and forecast data for a given location. Thi"
  }
}
