---
source: crates/tokenless-cli/tests/e2e_tests.rs
expression: output
---
🔍 tokenless doctor — environment diagnostic

==================================================
✅ tokenless binary: /Users/byx/Documents/workspace/github.com/TokenFleet-AI/tokenless/target/debug/tokenless
✅ in PATH: /Users/byx/.tokenfleet-ai/bin/tokenless
✅ RTK installed (command rewriting available)
📁 tokenless dir: $HOME/.tokenfleet-ai/tokenless
   ✅ directory exists

🤖 Agent configs found: 0/7

📊 Stats recording: ENABLED
   Record count: 0
   DB file size:  32768 bytes (32.0 KB)

💡 No stats records yet — compression hasn't run.
   Use `tokenless demo` to create sample records.

🔬 Experimental mode: ENABLED (format router, semantic, TUI, MCP)

==================================================

💡 Tip: Install hooks with `tokenless init` or `tokenless init --agent cursor`

✅ Doctor check complete.
